{
    "id": "2489651053",
    "type": "PushEvent",
    "actor": {
        "id": 6339799,
        "login": "izuzero",
        "gravatar_id": "",
        "url": "https://api.github.com/users/izuzero",
        "avatar_url": "https://avatars.githubusercontent.com/u/6339799?"
    },
    "repo": {
        "id": 28270952,
        "name": "izuzero/xe-module-ajaxboard",
        "url": "https://api.github.com/repos/izuzero/xe-module-ajaxboard"
    },
    "payload": {
        "push_id": 536863972,
        "size": 1,
        "distinct_size": 1,
        "ref": "refs/heads/develop",
        "head": "ec819b9df4fe612bb35bf562f96810bf991f9975",
        "before": "590433109f221a96cf19ea7a7d9a43ca333e3b3e",
        "commits": [
            {
                "sha": "ec819b9df4fe612bb35bf562f96810bf991f9975",
                "author": {
                    "email": "df05f55543db3c62cf64f7438018ec37f3605d3c@gmail.com",
                    "name": "Eunsoo Lee"
                },
                "message": "#20 \uac8c\uc2dc\uae00 \ubc0f \ub313\uae00 \uc0ad\uc81c \uc2dc \uc0c8\ub85c\uace0\uce68\uc774 \ub418\ub294 \ubb38\uc81c \ud574\uacb0\n\n\uc6d0\ub798 \uc758\ub3c4\ub294 \uc0c8\ub85c\uace0\uce68\uc774 \ub418\uc9c0 \uc54a\uace0 \ud655\uc778\ucc3d\ub9cc\uc73c\ub85c \ud574\uacb0\ub418\uc5b4\uc57c \ud568.\n\uae30\ubcf8 \uac8c\uc2dc\ud310 \ub300\uc751 \ud50c\ub7ec\uadf8\uc778\uc5d0\uc11c \ubc1c\uc0dd\ud55c \uc774\uc288.",
                "distinct": true,
                "url": "https://api.github.com/repos/izuzero/xe-module-ajaxboard/commits/ec819b9df4fe612bb35bf562f96810bf991f9975"
            }
        ]
    },
    "public": true,
    "created_at": "2015-01-01T15:00:01Z"
}