{
    "id": "2489651127",
    "type": "PushEvent",
    "actor": {
        "id": 1459915,
        "login": "xtuaok",
        "gravatar_id": "",
        "url": "https://api.github.com/users/xtuaok",
        "avatar_url": "https://avatars.githubusercontent.com/u/1459915?"
    },
    "repo": {
        "id": 6719841,
        "name": "xtuaok/twitter_track_following",
        "url": "https://api.github.com/repos/xtuaok/twitter_track_following"
    },
    "payload": {
        "push_id": 536864008,
        "size": 1,
        "distinct_size": 1,
        "ref": "refs/heads/xtuaok",
        "head": "afb8afe306c7893d93d383a06e4d9df53b41bf47",
        "before": "4671b4868f1a060f2ed64d8268cd22d514a84e63",
        "commits": [
            {
                "sha": "afb8afe306c7893d93d383a06e4d9df53b41bf47",
                "author": {
                    "email": "47cb89439b2d6961b59dff4298e837f67aa77389@gmail.com",
                    "name": "Tomonori Tamagawa"
                },
                "message": "Update ID 949438177\n\n - screen_name: chomado\n - name: \u3061\u3087\u307e\u3069@\u521d\u8a63\u304a\u307f\u304f\u3058\u51f6\n - description: ( *\uff9f\u25bd\uff9f* \u3063)\u0417\u8150\u5973\u5b50\uff01\u7d75\u63cf\u304d\uff01| H26\u65b0\u5352\u6587\u7cfbSE (\u5165\u793e\u3057\u30664\u30f6\u6708\u76ee\u306e8\u6708\u306bSIer(\u9069\u5fdc\u969c\u5bb3\u306b\u306a\u3063\u305f)\u3092\u8f9e\u8077\u3057\u958b\u767a\u8005\u306b\u8ee2\u8077) | H26\u79cb\u5fdc\u7528\u60c5\u5831\u5408\u683c\uff01| \u81ea\u4f5cbot (in PHP) chomado_bot | \u30d7\u30ed\u30b0\u30e9\u30df\u30f3\u30b0\u30ac\u30c1\u521d\u5fc3\u8005\n - location:",
                "distinct": true,
                "url": "https://api.github.com/repos/xtuaok/twitter_track_following/commits/afb8afe306c7893d93d383a06e4d9df53b41bf47"
            }
        ]
    },
    "public": true,
    "created_at": "2015-01-01T15:00:10Z"
}